Archive member included to satisfy reference by file (symbol)

c:/program files (x86)/atmel/studio/7.0/toolchain/avr8/avr8-gnu-toolchain/bin/../lib/gcc/avr/5.4.0/avrxmega7\libgcc.a(_exit.o)
                              C:/Program Files (x86)/Atmel/Studio/7.0/Packs/atmel/XMEGAA_DFP/1.1.68/gcc/dev/atxmega128a1u/avrxmega7/crtatxmega128a1u.o (exit)
c:/program files (x86)/atmel/studio/7.0/toolchain/avr8/avr8-gnu-toolchain/bin/../lib/gcc/avr/5.4.0/avrxmega7\libgcc.a(_copy_data.o)
                              main.o (__do_copy_data)
c:/program files (x86)/atmel/studio/7.0/toolchain/avr8/avr8-gnu-toolchain/bin/../lib/gcc/avr/5.4.0/avrxmega7\libgcc.a(_clear_bss.o)
                              main.o (__do_clear_bss)

Allocating common symbols
Common symbol       size              file

received            0x1               main.o

Discarded input sections

 .data          0x00000000        0x0 C:/Program Files (x86)/Atmel/Studio/7.0/Packs/atmel/XMEGAA_DFP/1.1.68/gcc/dev/atxmega128a1u/avrxmega7/crtatxmega128a1u.o
 .bss           0x00000000        0x0 C:/Program Files (x86)/Atmel/Studio/7.0/Packs/atmel/XMEGAA_DFP/1.1.68/gcc/dev/atxmega128a1u/avrxmega7/crtatxmega128a1u.o
 .data          0x00000000        0x0 clock.o
 .bss           0x00000000        0x0 clock.o
 .text          0x00000000        0x0 DAC_Drivers.o
 .data          0x00000000        0x0 DAC_Drivers.o
 .bss           0x00000000        0x0 DAC_Drivers.o
 .text          0x00000000        0x0 DMA_Drivers.o
 .data          0x00000000        0x0 DMA_Drivers.o
 .bss           0x00000000        0x0 DMA_Drivers.o
 .text          0x00000000        0x0 main.o
 .data          0x00000000        0x0 main.o
 .bss           0x00000000        0x0 main.o
 .bss.cnt       0x00000000        0x1 main.o
 .bss.table_cnt
                0x00000000        0x1 main.o
 .text          0x00000000        0x0 TC_Drivers.o
 .data          0x00000000        0x0 TC_Drivers.o
 .bss           0x00000000        0x0 TC_Drivers.o
 .text          0x00000000        0x0 USART_Drivers.o
 .data          0x00000000        0x0 USART_Drivers.o
 .bss           0x00000000        0x0 USART_Drivers.o
 .text          0x00000000        0x0 c:/program files (x86)/atmel/studio/7.0/toolchain/avr8/avr8-gnu-toolchain/bin/../lib/gcc/avr/5.4.0/avrxmega7\libgcc.a(_exit.o)
 .data          0x00000000        0x0 c:/program files (x86)/atmel/studio/7.0/toolchain/avr8/avr8-gnu-toolchain/bin/../lib/gcc/avr/5.4.0/avrxmega7\libgcc.a(_exit.o)
 .bss           0x00000000        0x0 c:/program files (x86)/atmel/studio/7.0/toolchain/avr8/avr8-gnu-toolchain/bin/../lib/gcc/avr/5.4.0/avrxmega7\libgcc.a(_exit.o)
 .text.libgcc.mul
                0x00000000        0x0 c:/program files (x86)/atmel/studio/7.0/toolchain/avr8/avr8-gnu-toolchain/bin/../lib/gcc/avr/5.4.0/avrxmega7\libgcc.a(_exit.o)
 .text.libgcc.div
                0x00000000        0x0 c:/program files (x86)/atmel/studio/7.0/toolchain/avr8/avr8-gnu-toolchain/bin/../lib/gcc/avr/5.4.0/avrxmega7\libgcc.a(_exit.o)
 .text.libgcc   0x00000000        0x0 c:/program files (x86)/atmel/studio/7.0/toolchain/avr8/avr8-gnu-toolchain/bin/../lib/gcc/avr/5.4.0/avrxmega7\libgcc.a(_exit.o)
 .text.libgcc.prologue
                0x00000000        0x0 c:/program files (x86)/atmel/studio/7.0/toolchain/avr8/avr8-gnu-toolchain/bin/../lib/gcc/avr/5.4.0/avrxmega7\libgcc.a(_exit.o)
 .text.libgcc.builtins
                0x00000000        0x0 c:/program files (x86)/atmel/studio/7.0/toolchain/avr8/avr8-gnu-toolchain/bin/../lib/gcc/avr/5.4.0/avrxmega7\libgcc.a(_exit.o)
 .text.libgcc.fmul
                0x00000000        0x0 c:/program files (x86)/atmel/studio/7.0/toolchain/avr8/avr8-gnu-toolchain/bin/../lib/gcc/avr/5.4.0/avrxmega7\libgcc.a(_exit.o)
 .text.libgcc.fixed
                0x00000000        0x0 c:/program files (x86)/atmel/studio/7.0/toolchain/avr8/avr8-gnu-toolchain/bin/../lib/gcc/avr/5.4.0/avrxmega7\libgcc.a(_exit.o)
 .text          0x00000000        0x0 c:/program files (x86)/atmel/studio/7.0/toolchain/avr8/avr8-gnu-toolchain/bin/../lib/gcc/avr/5.4.0/avrxmega7\libgcc.a(_copy_data.o)
 .data          0x00000000        0x0 c:/program files (x86)/atmel/studio/7.0/toolchain/avr8/avr8-gnu-toolchain/bin/../lib/gcc/avr/5.4.0/avrxmega7\libgcc.a(_copy_data.o)
 .bss           0x00000000        0x0 c:/program files (x86)/atmel/studio/7.0/toolchain/avr8/avr8-gnu-toolchain/bin/../lib/gcc/avr/5.4.0/avrxmega7\libgcc.a(_copy_data.o)
 .text.libgcc.mul
                0x00000000        0x0 c:/program files (x86)/atmel/studio/7.0/toolchain/avr8/avr8-gnu-toolchain/bin/../lib/gcc/avr/5.4.0/avrxmega7\libgcc.a(_copy_data.o)
 .text.libgcc.div
                0x00000000        0x0 c:/program files (x86)/atmel/studio/7.0/toolchain/avr8/avr8-gnu-toolchain/bin/../lib/gcc/avr/5.4.0/avrxmega7\libgcc.a(_copy_data.o)
 .text.libgcc   0x00000000        0x0 c:/program files (x86)/atmel/studio/7.0/toolchain/avr8/avr8-gnu-toolchain/bin/../lib/gcc/avr/5.4.0/avrxmega7\libgcc.a(_copy_data.o)
 .text.libgcc.prologue
                0x00000000        0x0 c:/program files (x86)/atmel/studio/7.0/toolchain/avr8/avr8-gnu-toolchain/bin/../lib/gcc/avr/5.4.0/avrxmega7\libgcc.a(_copy_data.o)
 .text.libgcc.builtins
                0x00000000        0x0 c:/program files (x86)/atmel/studio/7.0/toolchain/avr8/avr8-gnu-toolchain/bin/../lib/gcc/avr/5.4.0/avrxmega7\libgcc.a(_copy_data.o)
 .text.libgcc.fmul
                0x00000000        0x0 c:/program files (x86)/atmel/studio/7.0/toolchain/avr8/avr8-gnu-toolchain/bin/../lib/gcc/avr/5.4.0/avrxmega7\libgcc.a(_copy_data.o)
 .text.libgcc.fixed
                0x00000000        0x0 c:/program files (x86)/atmel/studio/7.0/toolchain/avr8/avr8-gnu-toolchain/bin/../lib/gcc/avr/5.4.0/avrxmega7\libgcc.a(_copy_data.o)
 .text          0x00000000        0x0 c:/program files (x86)/atmel/studio/7.0/toolchain/avr8/avr8-gnu-toolchain/bin/../lib/gcc/avr/5.4.0/avrxmega7\libgcc.a(_clear_bss.o)
 .data          0x00000000        0x0 c:/program files (x86)/atmel/studio/7.0/toolchain/avr8/avr8-gnu-toolchain/bin/../lib/gcc/avr/5.4.0/avrxmega7\libgcc.a(_clear_bss.o)
 .bss           0x00000000        0x0 c:/program files (x86)/atmel/studio/7.0/toolchain/avr8/avr8-gnu-toolchain/bin/../lib/gcc/avr/5.4.0/avrxmega7\libgcc.a(_clear_bss.o)
 .text.libgcc.mul
                0x00000000        0x0 c:/program files (x86)/atmel/studio/7.0/toolchain/avr8/avr8-gnu-toolchain/bin/../lib/gcc/avr/5.4.0/avrxmega7\libgcc.a(_clear_bss.o)
 .text.libgcc.div
                0x00000000        0x0 c:/program files (x86)/atmel/studio/7.0/toolchain/avr8/avr8-gnu-toolchain/bin/../lib/gcc/avr/5.4.0/avrxmega7\libgcc.a(_clear_bss.o)
 .text.libgcc   0x00000000        0x0 c:/program files (x86)/atmel/studio/7.0/toolchain/avr8/avr8-gnu-toolchain/bin/../lib/gcc/avr/5.4.0/avrxmega7\libgcc.a(_clear_bss.o)
 .text.libgcc.prologue
                0x00000000        0x0 c:/program files (x86)/atmel/studio/7.0/toolchain/avr8/avr8-gnu-toolchain/bin/../lib/gcc/avr/5.4.0/avrxmega7\libgcc.a(_clear_bss.o)
 .text.libgcc.builtins
                0x00000000        0x0 c:/program files (x86)/atmel/studio/7.0/toolchain/avr8/avr8-gnu-toolchain/bin/../lib/gcc/avr/5.4.0/avrxmega7\libgcc.a(_clear_bss.o)
 .text.libgcc.fmul
                0x00000000        0x0 c:/program files (x86)/atmel/studio/7.0/toolchain/avr8/avr8-gnu-toolchain/bin/../lib/gcc/avr/5.4.0/avrxmega7\libgcc.a(_clear_bss.o)
 .text.libgcc.fixed
                0x00000000        0x0 c:/program files (x86)/atmel/studio/7.0/toolchain/avr8/avr8-gnu-toolchain/bin/../lib/gcc/avr/5.4.0/avrxmega7\libgcc.a(_clear_bss.o)

Memory Configuration

Name             Origin             Length             Attributes
text             0x00000000         0x00100000         xr
data             0x00802000         0x0000ffa0         rw !x
eeprom           0x00810000         0x00010000         rw !x
fuse             0x00820000         0x00000006         rw !x
lock             0x00830000         0x00000400         rw !x
signature        0x00840000         0x00000400         rw !x
user_signatures  0x00850000         0x00000400         rw !x
*default*        0x00000000         0xffffffff

Linker script and memory map

LOAD C:/Program Files (x86)/Atmel/Studio/7.0/Packs/atmel/XMEGAA_DFP/1.1.68/gcc/dev/atxmega128a1u/avrxmega7/crtatxmega128a1u.o
LOAD clock.o
LOAD DAC_Drivers.o
LOAD DMA_Drivers.o
LOAD main.o
LOAD TC_Drivers.o
LOAD USART_Drivers.o
START GROUP
LOAD c:/program files (x86)/atmel/studio/7.0/toolchain/avr8/avr8-gnu-toolchain/bin/../lib/gcc/avr/5.4.0/../../../../avr/lib/avrxmega7\libm.a
END GROUP
START GROUP
LOAD c:/program files (x86)/atmel/studio/7.0/toolchain/avr8/avr8-gnu-toolchain/bin/../lib/gcc/avr/5.4.0/avrxmega7\libgcc.a
LOAD c:/program files (x86)/atmel/studio/7.0/toolchain/avr8/avr8-gnu-toolchain/bin/../lib/gcc/avr/5.4.0/../../../../avr/lib/avrxmega7\libm.a
LOAD c:/program files (x86)/atmel/studio/7.0/toolchain/avr8/avr8-gnu-toolchain/bin/../lib/gcc/avr/5.4.0/../../../../avr/lib/avrxmega7\libc.a
LOAD C:/Program Files (x86)/Atmel/Studio/7.0/Packs/atmel/XMEGAA_DFP/1.1.68/gcc/dev/atxmega128a1u/avrxmega7\libatxmega128a1u.a
END GROUP
                0x00100000                __TEXT_REGION_LENGTH__ = DEFINED (__TEXT_REGION_LENGTH__)?__TEXT_REGION_LENGTH__:0x100000
                0x0000ffa0                __DATA_REGION_LENGTH__ = DEFINED (__DATA_REGION_LENGTH__)?__DATA_REGION_LENGTH__:0xffa0
                0x00010000                __EEPROM_REGION_LENGTH__ = DEFINED (__EEPROM_REGION_LENGTH__)?__EEPROM_REGION_LENGTH__:0x10000
                [0x00000006]                __FUSE_REGION_LENGTH__ = DEFINED (__FUSE_REGION_LENGTH__)?__FUSE_REGION_LENGTH__:0x400
                0x00000400                __LOCK_REGION_LENGTH__ = DEFINED (__LOCK_REGION_LENGTH__)?__LOCK_REGION_LENGTH__:0x400
                0x00000400                __SIGNATURE_REGION_LENGTH__ = DEFINED (__SIGNATURE_REGION_LENGTH__)?__SIGNATURE_REGION_LENGTH__:0x400
                0x00000400                __USER_SIGNATURE_REGION_LENGTH__ = DEFINED (__USER_SIGNATURE_REGION_LENGTH__)?__USER_SIGNATURE_REGION_LENGTH__:0x400

.hash
 *(.hash)

.dynsym
 *(.dynsym)

.dynstr
 *(.dynstr)

.gnu.version
 *(.gnu.version)

.gnu.version_d
 *(.gnu.version_d)

.gnu.version_r
 *(.gnu.version_r)

.rel.init
 *(.rel.init)

.rela.init
 *(.rela.init)

.rel.text
 *(.rel.text)
 *(.rel.text.*)
 *(.rel.gnu.linkonce.t*)

.rela.text
 *(.rela.text)
 *(.rela.text.*)
 *(.rela.gnu.linkonce.t*)

.rel.fini
 *(.rel.fini)

.rela.fini
 *(.rela.fini)

.rel.rodata
 *(.rel.rodata)
 *(.rel.rodata.*)
 *(.rel.gnu.linkonce.r*)

.rela.rodata
 *(.rela.rodata)
 *(.rela.rodata.*)
 *(.rela.gnu.linkonce.r*)

.rel.data
 *(.rel.data)
 *(.rel.data.*)
 *(.rel.gnu.linkonce.d*)

.rela.data
 *(.rela.data)
 *(.rela.data.*)
 *(.rela.gnu.linkonce.d*)

.rel.ctors
 *(.rel.ctors)

.rela.ctors
 *(.rela.ctors)

.rel.dtors
 *(.rel.dtors)

.rela.dtors
 *(.rela.dtors)

.rel.got
 *(.rel.got)

.rela.got
 *(.rela.got)

.rel.bss
 *(.rel.bss)

.rela.bss
 *(.rela.bss)

.rel.plt
 *(.rel.plt)

.rela.plt
 *(.rela.plt)

.text           0x00000000      0x58e
 *(.vectors)
 .vectors       0x00000000      0x1fc C:/Program Files (x86)/Atmel/Studio/7.0/Packs/atmel/XMEGAA_DFP/1.1.68/gcc/dev/atxmega128a1u/avrxmega7/crtatxmega128a1u.o
                0x00000000                __vector_default
                0x00000000                __vectors
 *(.vectors)
 *(.progmem.gcc*)
                0x000001fc                . = ALIGN (0x2)
                0x000001fc                __trampolines_start = .
 *(.trampolines)
 .trampolines   0x000001fc        0x0 linker stubs
 *(.trampolines*)
                0x000001fc                __trampolines_end = .
 *libprintf_flt.a:*(.progmem.data)
 *libc.a:*(.progmem.data)
 *(.progmem*)
                0x000001fc                . = ALIGN (0x2)
 *(.jumptables)
 *(.jumptables*)
 *(.lowtext)
 *(.lowtext*)
                0x000001fc                __ctors_start = .
 *(.ctors)
                0x000001fc                __ctors_end = .
                0x000001fc                __dtors_start = .
 *(.dtors)
                0x000001fc                __dtors_end = .
 SORT(*)(.ctors)
 SORT(*)(.dtors)
 *(.init0)
 .init0         0x000001fc        0x0 C:/Program Files (x86)/Atmel/Studio/7.0/Packs/atmel/XMEGAA_DFP/1.1.68/gcc/dev/atxmega128a1u/avrxmega7/crtatxmega128a1u.o
                0x000001fc                __init
 *(.init0)
 *(.init1)
 *(.init1)
 *(.init2)
 .init2         0x000001fc       0x18 C:/Program Files (x86)/Atmel/Studio/7.0/Packs/atmel/XMEGAA_DFP/1.1.68/gcc/dev/atxmega128a1u/avrxmega7/crtatxmega128a1u.o
 *(.init2)
 *(.init3)
 *(.init3)
 *(.init4)
 .init4         0x00000214       0x1c c:/program files (x86)/atmel/studio/7.0/toolchain/avr8/avr8-gnu-toolchain/bin/../lib/gcc/avr/5.4.0/avrxmega7\libgcc.a(_copy_data.o)
                0x00000214                __do_copy_data
 .init4         0x00000230       0x10 c:/program files (x86)/atmel/studio/7.0/toolchain/avr8/avr8-gnu-toolchain/bin/../lib/gcc/avr/5.4.0/avrxmega7\libgcc.a(_clear_bss.o)
                0x00000230                __do_clear_bss
 *(.init4)
 *(.init5)
 *(.init5)
 *(.init6)
 *(.init6)
 *(.init7)
 *(.init7)
 *(.init8)
 *(.init8)
 *(.init9)
 .init9         0x00000240        0x8 C:/Program Files (x86)/Atmel/Studio/7.0/Packs/atmel/XMEGAA_DFP/1.1.68/gcc/dev/atxmega128a1u/avrxmega7/crtatxmega128a1u.o
 *(.init9)
 *(.text)
 .text          0x00000248        0x4 C:/Program Files (x86)/Atmel/Studio/7.0/Packs/atmel/XMEGAA_DFP/1.1.68/gcc/dev/atxmega128a1u/avrxmega7/crtatxmega128a1u.o
                0x00000248                __vector_38
                0x00000248                __vector_104
                0x00000248                __vector_22
                0x00000248                __vector_63
                0x00000248                __vector_28
                0x00000248                __vector_67
                0x00000248                __vector_1
                0x00000248                __vector_119
                0x00000248                __vector_32
                0x00000248                __vector_75
                0x00000248                __vector_71
                0x00000248                __vector_91
                0x00000248                __vector_34
                0x00000248                __vector_62
                0x00000248                __vector_77
                0x00000248                __vector_102
                0x00000248                __vector_24
                0x00000248                __vector_12
                0x00000248                __vector_55
                0x00000248                __vector_69
                0x00000248                __vector_81
                0x00000248                __vector_90
                0x00000248                __vector_46
                0x00000248                __bad_interrupt
                0x00000248                __vector_122
                0x00000248                __vector_72
                0x00000248                __vector_114
                0x00000248                __vector_6
                0x00000248                __vector_110
                0x00000248                __vector_31
                0x00000248                __vector_92
                0x00000248                __vector_35
                0x00000248                __vector_78
                0x00000248                __vector_74
                0x00000248                __vector_117
                0x00000248                __vector_39
                0x00000248                __vector_107
                0x00000248                __vector_3
                0x00000248                __vector_105
                0x00000248                __vector_98
                0x00000248                __vector_23
                0x00000248                __vector_68
                0x00000248                __vector_30
                0x00000248                __vector_73
                0x00000248                __vector_45
                0x00000248                __vector_25
                0x00000248                __vector_93
                0x00000248                __vector_61
                0x00000248                __vector_11
                0x00000248                __vector_54
                0x00000248                __vector_99
                0x00000248                __vector_13
                0x00000248                __vector_17
                0x00000248                __vector_19
                0x00000248                __vector_56
                0x00000248                __vector_7
                0x00000248                __vector_125
                0x00000248                __vector_49
                0x00000248                __vector_123
                0x00000248                __vector_41
                0x00000248                __vector_86
                0x00000248                __vector_100
                0x00000248                __vector_101
                0x00000248                __vector_64
                0x00000248                __vector_109
                0x00000248                __vector_43
                0x00000248                __vector_27
                0x00000248                __vector_5
                0x00000248                __vector_113
                0x00000248                __vector_33
                0x00000248                __vector_76
                0x00000248                __vector_115
                0x00000248                __vector_52
                0x00000248                __vector_37
                0x00000248                __vector_95
                0x00000248                __vector_103
                0x00000248                __vector_96
                0x00000248                __vector_89
                0x00000248                __vector_108
                0x00000248                __vector_4
                0x00000248                __vector_44
                0x00000248                __vector_82
                0x00000248                __vector_106
                0x00000248                __vector_118
                0x00000248                __vector_51
                0x00000248                __vector_9
                0x00000248                __vector_2
                0x00000248                __vector_21
                0x00000248                __vector_15
                0x00000248                __vector_66
                0x00000248                __vector_36
                0x00000248                __vector_79
                0x00000248                __vector_58
                0x00000248                __vector_70
                0x00000248                __vector_83
                0x00000248                __vector_29
                0x00000248                __vector_60
                0x00000248                __vector_121
                0x00000248                __vector_40
                0x00000248                __vector_85
                0x00000248                __vector_94
                0x00000248                __vector_126
                0x00000248                __vector_8
                0x00000248                __vector_26
                0x00000248                __vector_48
                0x00000248                __vector_124
                0x00000248                __vector_116
                0x00000248                __vector_112
                0x00000248                __vector_111
                0x00000248                __vector_80
                0x00000248                __vector_14
                0x00000248                __vector_84
                0x00000248                __vector_57
                0x00000248                __vector_53
                0x00000248                __vector_10
                0x00000248                __vector_50
                0x00000248                __vector_16
                0x00000248                __vector_59
                0x00000248                __vector_18
                0x00000248                __vector_97
                0x00000248                __vector_20
                0x00000248                __vector_42
                0x00000248                __vector_87
                0x00000248                __vector_65
                0x00000248                __vector_120
 .text          0x0000024c       0x2c clock.o
                0x0000024c                Clock_init
                0x00000278                . = ALIGN (0x2)
 *(.text.*)
 .text.DAC_init
                0x00000278       0x18 DAC_Drivers.o
                0x00000278                DAC_init
 .text.DMA_init
                0x00000290       0x3a DMA_Drivers.o
                0x00000290                DMA_init
 .text.Interrupt_init
                0x000002ca        0xe main.o
                0x000002ca                Interrupt_init
 .text.main     0x000002d8       0x2c main.o
                0x000002d8                main
 .text.__vector_47
                0x00000304       0x74 main.o
                0x00000304                __vector_47
 .text.__vector_88
                0x00000378       0xb4 main.o
                0x00000378                __vector_88
 .text.TC_init  0x0000042c       0x20 TC_Drivers.o
                0x0000042c                TC_init
 .text.TC_Disable
                0x0000044c        0x6 TC_Drivers.o
                0x0000044c                TC_Disable
 .text.key_TC   0x00000452      0x110 TC_Drivers.o
                0x00000452                key_TC
 .text.USART_init
                0x00000562       0x28 USART_Drivers.o
                0x00000562                USART_init
                0x0000058a                . = ALIGN (0x2)
 *(.fini9)
 .fini9         0x0000058a        0x0 c:/program files (x86)/atmel/studio/7.0/toolchain/avr8/avr8-gnu-toolchain/bin/../lib/gcc/avr/5.4.0/avrxmega7\libgcc.a(_exit.o)
                0x0000058a                _exit
                0x0000058a                exit
 *(.fini9)
 *(.fini8)
 *(.fini8)
 *(.fini7)
 *(.fini7)
 *(.fini6)
 *(.fini6)
 *(.fini5)
 *(.fini5)
 *(.fini4)
 *(.fini4)
 *(.fini3)
 *(.fini3)
 *(.fini2)
 *(.fini2)
 *(.fini1)
 *(.fini1)
 *(.fini0)
 .fini0         0x0000058a        0x4 c:/program files (x86)/atmel/studio/7.0/toolchain/avr8/avr8-gnu-toolchain/bin/../lib/gcc/avr/5.4.0/avrxmega7\libgcc.a(_exit.o)
 *(.fini0)
                0x0000058e                _etext = .

.data           0x00802000      0x400 load address 0x0000058e
                0x00802000                PROVIDE (__data_start, .)
 *(.data)
 *(.data*)
 .data.triangle
                0x00802000      0x200 main.o
                0x00802000                triangle
 .data.wave     0x00802200      0x200 main.o
                0x00802200                wave
 *(.gnu.linkonce.d*)
 *(.rodata)
 *(.rodata*)
 *(.gnu.linkonce.r*)
                0x00802400                . = ALIGN (0x2)
                0x00802400                _edata = .
                0x00802400                PROVIDE (__data_end, .)

.bss            0x00802400        0x3
                0x00802400                PROVIDE (__bss_start, .)
 *(.bss)
 *(.bss*)
 .bss.chg_Flag  0x00802400        0x1 main.o
                0x00802400                chg_Flag
 .bss.tgl_Flag  0x00802401        0x1 main.o
                0x00802401                tgl_Flag
 *(COMMON)
 COMMON         0x00802402        0x1 main.o
                0x00802402                received
                0x00802403                PROVIDE (__bss_end, .)
                0x0000058e                __data_load_start = LOADADDR (.data)
                0x0000098e                __data_load_end = (__data_load_start + SIZEOF (.data))

.noinit         0x00802403        0x0
                [!provide]                PROVIDE (__noinit_start, .)
 *(.noinit*)
                [!provide]                PROVIDE (__noinit_end, .)
                0x00802403                _end = .
                [!provide]                PROVIDE (__heap_start, .)

.eeprom         0x00810000        0x0
 *(.eeprom*)
                0x00810000                __eeprom_end = .

.fuse
 *(.fuse)
 *(.lfuse)
 *(.hfuse)
 *(.efuse)

.lock
 *(.lock*)

.signature
 *(.signature*)

.user_signatures
 *(.user_signatures*)

.stab
 *(.stab)

.stabstr
 *(.stabstr)

.stab.excl
 *(.stab.excl)

.stab.exclstr
 *(.stab.exclstr)

.stab.index
 *(.stab.index)

.stab.indexstr
 *(.stab.indexstr)

.comment        0x00000000       0x30
 *(.comment)
 .comment       0x00000000       0x30 DAC_Drivers.o
                                 0x31 (size before relaxing)
 .comment       0x00000030       0x31 DMA_Drivers.o
 .comment       0x00000030       0x31 main.o
 .comment       0x00000030       0x31 TC_Drivers.o
 .comment       0x00000030       0x31 USART_Drivers.o

.note.gnu.avr.deviceinfo
                0x00000000       0x40
 .note.gnu.avr.deviceinfo
                0x00000000       0x40 C:/Program Files (x86)/Atmel/Studio/7.0/Packs/atmel/XMEGAA_DFP/1.1.68/gcc/dev/atxmega128a1u/avrxmega7/crtatxmega128a1u.o

.note.gnu.build-id
 *(.note.gnu.build-id)

.debug
 *(.debug)

.line
 *(.line)

.debug_srcinfo
 *(.debug_srcinfo)

.debug_sfnames
 *(.debug_sfnames)

.debug_aranges  0x00000000       0xe8
 *(.debug_aranges)
 .debug_aranges
                0x00000000       0x20 clock.o
 .debug_aranges
                0x00000020       0x20 DAC_Drivers.o
 .debug_aranges
                0x00000040       0x20 DMA_Drivers.o
 .debug_aranges
                0x00000060       0x38 main.o
 .debug_aranges
                0x00000098       0x30 TC_Drivers.o
 .debug_aranges
                0x000000c8       0x20 USART_Drivers.o

.debug_pubnames
 *(.debug_pubnames)

.debug_info     0x00000000     0x5ff9
 *(.debug_info .gnu.linkonce.wi.*)
 .debug_info    0x00000000     0x3e5a C:/Program Files (x86)/Atmel/Studio/7.0/Packs/atmel/XMEGAA_DFP/1.1.68/gcc/dev/atxmega128a1u/avrxmega7/crtatxmega128a1u.o
 .debug_info    0x00003e5a       0x71 clock.o
 .debug_info    0x00003ecb      0x44e DAC_Drivers.o
 .debug_info    0x00004319      0x86b DMA_Drivers.o
 .debug_info    0x00004b84      0x5b4 main.o
 .debug_info    0x00005138      0xb6c TC_Drivers.o
 .debug_info    0x00005ca4      0x355 USART_Drivers.o

.debug_abbrev   0x00000000     0x3feb
 *(.debug_abbrev)
 .debug_abbrev  0x00000000     0x3b0e C:/Program Files (x86)/Atmel/Studio/7.0/Packs/atmel/XMEGAA_DFP/1.1.68/gcc/dev/atxmega128a1u/avrxmega7/crtatxmega128a1u.o
 .debug_abbrev  0x00003b0e       0x14 clock.o
 .debug_abbrev  0x00003b22       0xc9 DAC_Drivers.o
 .debug_abbrev  0x00003beb      0x10c DMA_Drivers.o
 .debug_abbrev  0x00003cf7      0x140 main.o
 .debug_abbrev  0x00003e37      0x108 TC_Drivers.o
 .debug_abbrev  0x00003f3f       0xac USART_Drivers.o

.debug_line     0x00000000      0xc2a
 *(.debug_line .debug_line.* .debug_line_end)
 .debug_line    0x00000000      0x3b5 C:/Program Files (x86)/Atmel/Studio/7.0/Packs/atmel/XMEGAA_DFP/1.1.68/gcc/dev/atxmega128a1u/avrxmega7/crtatxmega128a1u.o
 .debug_line    0x000003b5       0x94 clock.o
 .debug_line    0x00000449      0x11b DAC_Drivers.o
 .debug_line    0x00000564      0x157 DMA_Drivers.o
 .debug_line    0x000006bb      0x216 main.o
 .debug_line    0x000008d1      0x224 TC_Drivers.o
 .debug_line    0x00000af5      0x135 USART_Drivers.o

.debug_frame    0x00000000      0x194
 *(.debug_frame)
 .debug_frame   0x00000000       0x24 DAC_Drivers.o
 .debug_frame   0x00000024       0x24 DMA_Drivers.o
 .debug_frame   0x00000048       0xe4 main.o
 .debug_frame   0x0000012c       0x44 TC_Drivers.o
 .debug_frame   0x00000170       0x24 USART_Drivers.o

.debug_str      0x00000000     0x4bd7
 *(.debug_str)
 .debug_str     0x00000000     0x2969 C:/Program Files (x86)/Atmel/Studio/7.0/Packs/atmel/XMEGAA_DFP/1.1.68/gcc/dev/atxmega128a1u/avrxmega7/crtatxmega128a1u.o
 .debug_str     0x00002969      0x37f DAC_Drivers.o
                                0x3bf (size before relaxing)
 .debug_str     0x00002ce8      0xbf2 DMA_Drivers.o
                                0xef5 (size before relaxing)
 .debug_str     0x000038da       0xec main.o
                                0x406 (size before relaxing)
 .debug_str     0x000039c6     0x1052 TC_Drivers.o
                               0x12c3 (size before relaxing)
 .debug_str     0x00004a18      0x1bf USART_Drivers.o
                                0x461 (size before relaxing)

.debug_loc      0x00000000      0x2f0
 *(.debug_loc)
 .debug_loc     0x00000000       0x26 DMA_Drivers.o
 .debug_loc     0x00000026      0x196 main.o
 .debug_loc     0x000001bc      0x134 TC_Drivers.o

.debug_macinfo
 *(.debug_macinfo)

.debug_weaknames
 *(.debug_weaknames)

.debug_funcnames
 *(.debug_funcnames)

.debug_typenames
 *(.debug_typenames)

.debug_varnames
 *(.debug_varnames)

.debug_pubtypes
 *(.debug_pubtypes)

.debug_ranges   0x00000000       0x78
 *(.debug_ranges)
 .debug_ranges  0x00000000       0x10 DAC_Drivers.o
 .debug_ranges  0x00000010       0x10 DMA_Drivers.o
 .debug_ranges  0x00000020       0x28 main.o
 .debug_ranges  0x00000048       0x20 TC_Drivers.o
 .debug_ranges  0x00000068       0x10 USART_Drivers.o

.debug_macro
 *(.debug_macro)
OUTPUT(Lab8_5.elf elf32-avr)
LOAD linker stubs
